MPLINK 5.01, LINKER
Linker Map File - Created Sun Jan 18 19:56:01 2015

                                 Section Info
                  Section       Type    Address   Location Size(Bytes)
                ---------  ---------  ---------  ---------  ---------
                   .org_0       code   0x000000    program   0x000002
                   .cinit    romdata   0x000001    program   0x000004
                   .org_1       code   0x000004    program   0x00006c
.config_2007_BUILD/DEFAULT/PRODUCTION/MAIN.O       code   0x002007    program   0x000002



                              Program Memory Usage 
                               Start         End      
                           ---------   ---------      
                            0x000000    0x000002      
                            0x000004    0x000039      
                            0x002007    0x002007      
            58 out of 1158 program addresses used, program memory utilization is 5%



                              Symbols - Sorted by Name
                     Name    Address   Location    Storage File                     
                ---------  ---------  ---------  --------- ---------                
                 decTimer   0x00002f    program     static /home/svilen/MPLABXProjects/cGateWD.X/main.asm
                    delay   0x000005    program     static /home/svilen/MPLABXProjects/cGateWD.X/main.asm
               delay_loop   0x000009    program     static /home/svilen/MPLABXProjects/cGateWD.X/main.asm
                     main   0x000011    program     static /home/svilen/MPLABXProjects/cGateWD.X/main.asm
                main_loop   0x00001e    program     static /home/svilen/MPLABXProjects/cGateWD.X/main.asm
              resetDevice   0x000031    program     static /home/svilen/MPLABXProjects/cGateWD.X/main.asm



                              Symbols - Sorted by Address
                     Name    Address   Location    Storage File                     
                ---------  ---------  ---------  --------- ---------                
                    delay   0x000005    program     static /home/svilen/MPLABXProjects/cGateWD.X/main.asm
               delay_loop   0x000009    program     static /home/svilen/MPLABXProjects/cGateWD.X/main.asm
                     main   0x000011    program     static /home/svilen/MPLABXProjects/cGateWD.X/main.asm
                main_loop   0x00001e    program     static /home/svilen/MPLABXProjects/cGateWD.X/main.asm
                 decTimer   0x00002f    program     static /home/svilen/MPLABXProjects/cGateWD.X/main.asm
              resetDevice   0x000031    program     static /home/svilen/MPLABXProjects/cGateWD.X/main.asm


